🎯 [ROI管理器] 加载ROI配置失败: mapping values are not allowed here
  in "configs/roi_config.yaml", line 18, column 30
警告: MTCNN模块未安装或依赖缺失
正在加载配置...
配置加载完成，视频路径: data/input_video.mp4
视频信息 - 宽度: 2560, 高度: 1440, FPS: 25, 总帧数 (估计): 250
创建输出视频: data/output_video.mp4
🎯 初始化ROI管理器...
✅ ROI管理器创建完成
ROI设置状态: {'enabled': True, 'interactive_selection': False, 'auto_load_config': True, 'roi_config_path': 'configs/roi_config.yaml', 'crop_margin': 12, 'visualization': {'show_roi_boundary': True, 'show_roi_fill': False, 'show_roi_points': True, 'highlight_detections': True, 'show_roi_stats': True}, 'colors': {'boundary': [0, 255, 255], 'fill': [0, 255, 255], 'points': [0, 255, 0], 'inside_detection': [0, 255, 0], 'outside_detection': [0, 0, 255]}}
🔍 [调试] 详细ROI配置:
   - enabled: True
   - interactive_selection: False
   - auto_load_config: True
⚠️ ROI配置文件存在但未启用或无效，将启动交互式选择
🎯 ROI最终状态: 未设置
🤖 初始化姿势估计模块...
✅ 姿势估计模块初始化完成
🎾 初始化球追踪模块...

🎾 === 球检测配置参数 ===
球半径范围: 18-45px
质量阈值: 0.45
圆度阈值: 0.56
边缘距离阈值: 12px
最小移动距离: 7px
静态球判定阈值: 6px
静态球帧数阈值: 10
边界检查: 已关闭
屏蔽区域: 1个区域
========================

使用HSV颜色分割和形状检测跟踪网球，已启用静止球过滤和尺寸过滤，已启用屏蔽区域(1个区域)
✅ 球追踪模块初始化完成
🏓 初始化球拍检测模块...
✅ 球拍检测模块初始化完成
🏸 初始化完整挥拍分析模块...
✅ 完整挥拍分析模块初始化完成
🎬 开始视频处理循环...
初始化头像替换模块...
头像替换状态: {'enabled': False, 'status': '头像替换功能未启用'}
开始处理视频...
🤖 [帧0] 开始姿态检测（全帧模式），检测区域: (1440, 2560, 3)
🎾 [帧0] 开始球检测，检测区域: (1440, 2560, 3)
🏓 [帧0] 开始球拍检测，检测区域: (1440, 2560, 3)
处理帧 26/250 (10.4%) - 批处理时间: 6.86秒, 估计剩余时间: 59.4秒
🤖 [帧30] 开始姿态检测（全帧模式），检测区域: (1440, 2560, 3)
🎾 [帧30] 开始球检测，检测区域: (1440, 2560, 3)
🏓 [帧30] 开始球拍检测，检测区域: (1440, 2560, 3)
处理帧 51/250 (20.4%) - 批处理时间: 6.03秒, 估计剩余时间: 50.4秒
🤖 [帧60] 开始姿态检测（全帧模式），检测区域: (1440, 2560, 3)
🎾 [帧60] 开始球检测，检测区域: (1440, 2560, 3)
🏓 [帧60] 开始球拍检测，检测区域: (1440, 2560, 3)
处理帧 76/250 (30.4%) - 批处理时间: 5.95秒, 估计剩余时间: 43.2秒
🤖 [帧90] 开始姿态检测（全帧模式），检测区域: (1440, 2560, 3)
🎾 [帧90] 开始球检测，检测区域: (1440, 2560, 3)
🏓 [帧90] 开始球拍检测，检测区域: (1440, 2560, 3)
处理帧 101/250 (40.4%) - 批处理时间: 5.91秒, 估计剩余时间: 36.5秒
🤖 [帧120] 开始姿态检测（全帧模式），检测区域: (1440, 2560, 3)
🎾 [帧120] 开始球检测，检测区域: (1440, 2560, 3)
🏓 [帧120] 开始球拍检测，检测区域: (1440, 2560, 3)
处理帧 126/250 (50.4%) - 批处理时间: 5.99秒, 估计剩余时间: 30.3秒
⭐ 精彩瞬间-击球(最小距离): 计划保存短视频（前5后15），中心帧 109 (total=1)
🎞️ 精彩瞬间短视频已保存: data/highlights/highlight_000109_hit.mp4
处理帧 151/250 (60.4%) - 批处理时间: 6.09秒, 估计剩余时间: 24.2秒
🤖 [帧150] 开始姿态检测（全帧模式），检测区域: (1440, 2560, 3)
🎾 [帧150] 开始球检测，检测区域: (1440, 2560, 3)
🏓 [帧150] 开始球拍检测，检测区域: (1440, 2560, 3)
处理帧 176/250 (70.4%) - 批处理时间: 5.90秒, 估计剩余时间: 18.0秒
🤖 [帧180] 开始姿态检测（全帧模式），检测区域: (1440, 2560, 3)
🎾 [帧180] 开始球检测，检测区域: (1440, 2560, 3)
🏓 [帧180] 开始球拍检测，检测区域: (1440, 2560, 3)
处理帧 201/250 (80.4%) - 批处理时间: 6.11秒, 估计剩余时间: 11.9秒
🤖 [帧210] 开始姿态检测（全帧模式），检测区域: (1440, 2560, 3)
🎾 [帧210] 开始球检测，检测区域: (1440, 2560, 3)
🏓 [帧210] 开始球拍检测，检测区域: (1440, 2560, 3)
处理帧 226/250 (90.4%) - 批处理时间: 5.95秒, 估计剩余时间: 5.8秒
🤖 [帧240] 开始姿态检测（全帧模式），检测区域: (1440, 2560, 3)
🎾 [帧240] 开始球检测，检测区域: (1440, 2560, 3)
🏓 [帧240] 开始球拍检测，检测区域: (1440, 2560, 3)
视频处理完成!
处理完成! 共处理 250 帧
总处理时间: 60.76 秒
平均处理速度: 4.11 FPS
释放资源...
程序结束
