警告: MTCNN模块未安装或依赖缺失
正在加载配置...
配置加载完成，视频路径: data/input_video.mp4
视频信息 - 宽度: 2560, 高度: 1440, FPS: 25, 总帧数 (估计): 250
创建输出视频: data/output_video.mp4
🎯 初始化ROI管理器...
✅ ROI管理器创建完成
ROI设置状态: {'enabled': True, 'interactive_selection': False, 'auto_load_config': True, 'roi_config_path': 'configs/roi_config.yaml', 'crop_margin': 12, 'filter_balls_outside_roi': True, 'visualization': {'show_roi_boundary': True, 'show_roi_fill': False, 'show_roi_points': True, 'highlight_detections': True, 'show_roi_stats': True}, 'colors': {'boundary': [0, 255, 255], 'fill': [0, 255, 255], 'points': [0, 255, 0], 'inside_detection': [0, 255, 0], 'outside_detection': [0, 0, 255]}}
🔍 [调试] 详细ROI配置:
   - enabled: True
   - interactive_selection: False
   - auto_load_config: True
✅ ROI配置已从文件加载
🎯 ROI最终状态: 已设置
   ROI面积: 1550458 像素²
   ROI点数: 4
🤖 初始化姿势估计模块...
✅ 姿势估计模块初始化完成
🎾 初始化球追踪模块...

🎾 === 球检测配置参数 ===
球半径范围: 18-45px
质量阈值: 0.45
圆度阈值: 0.6
边缘距离阈值: 12px
最小移动距离: 8px
静态球判定阈值: 4px
静态球帧数阈值: 6
边界检查: 已关闭
屏蔽区域: 已关闭
========================

使用HSV颜色分割和形状检测跟踪网球，已启用静止球过滤和尺寸过滤
✅ 球追踪模块初始化完成
🏓 初始化球拍检测模块...
✅ 球拍检测模块初始化完成
🏸 初始化完整挥拍分析模块...
✅ 完整挥拍分析模块初始化完成
🎬 开始视频处理循环...
初始化头像替换模块...
头像替换状态: {'enabled': False, 'status': '头像替换功能未启用'}
开始处理视频...
🎯 [帧0] ROI区域提取(含边距12px): (1230, 1528, 3) at offset (665, 55)
🤖 [帧0] 开始姿态检测（全帧模式），检测区域: (1440, 2560, 3)
🎾 [帧0] 开始球检测，检测区域: (1230, 1528, 3)
🏓 [帧0] 开始球拍检测，检测区域: (1230, 1528, 3)
🔄 [坐标转换] racket: 1 → 1 个检测结果，偏移量: (665, 55)
🔄 [坐标转换] racket: 1 → 1 个检测结果，偏移量: (665, 55)
🔄 [坐标转换] ball: 1 → 1 个检测结果，偏移量: (665, 55)
🔄 [坐标转换] ball: 1 → 1 个检测结果，偏移量: (665, 55)
处理帧 26/250 (10.4%) - 批处理时间: 6.87秒, 估计剩余时间: 59.5秒
🔄 [坐标转换] racket: 1 → 1 个检测结果，偏移量: (665, 55)
🔄 [坐标转换] racket: 1 → 1 个检测结果，偏移量: (665, 55)
🔄 [坐标转换] ball: 1 → 1 个检测结果，偏移量: (665, 55)
🔄 [坐标转换] racket: 1 → 1 个检测结果，偏移量: (665, 55)
🔄 [坐标转换] racket: 1 → 1 个检测结果，偏移量: (665, 55)
🎯 [帧30] ROI区域提取(含边距12px): (1230, 1528, 3) at offset (665, 55)
🤖 [帧30] 开始姿态检测（全帧模式），检测区域: (1440, 2560, 3)
🎾 [帧30] 开始球检测，检测区域: (1230, 1528, 3)
🏓 [帧30] 开始球拍检测，检测区域: (1230, 1528, 3)
🔄 [坐标转换] racket: 1 → 1 个检测结果，偏移量: (665, 55)
🔄 [坐标转换] racket: 1 → 1 个检测结果，偏移量: (665, 55)
🔄 [坐标转换] racket: 1 → 1 个检测结果，偏移量: (665, 55)
🔄 [坐标转换] racket: 1 → 1 个检测结果，偏移量: (665, 55)
🔄 [坐标转换] racket: 1 → 1 个检测结果，偏移量: (665, 55)
🔄 [坐标转换] racket: 1 → 1 个检测结果，偏移量: (665, 55)
🔄 [坐标转换] racket: 1 → 1 个检测结果，偏移量: (665, 55)
🔄 [坐标转换] racket: 1 → 1 个检测结果，偏移量: (665, 55)
🔄 [坐标转换] racket: 1 → 1 个检测结果，偏移量: (665, 55)
🔄 [坐标转换] racket: 1 → 1 个检测结果，偏移量: (665, 55)
🔄 [坐标转换] racket: 1 → 1 个检测结果，偏移量: (665, 55)
🔄 [坐标转换] racket: 1 → 1 个检测结果，偏移量: (665, 55)
🔄 [坐标转换] racket: 1 → 1 个检测结果，偏移量: (665, 55)
🔄 [坐标转换] racket: 1 → 1 个检测结果，偏移量: (665, 55)
🔄 [坐标转换] racket: 1 → 1 个检测结果，偏移量: (665, 55)
🔄 [坐标转换] racket: 1 → 1 个检测结果，偏移量: (665, 55)
🔄 [坐标转换] racket: 1 → 1 个检测结果，偏移量: (665, 55)
🔄 [坐标转换] racket: 1 → 1 个检测结果，偏移量: (665, 55)
处理帧 51/250 (20.4%) - 批处理时间: 6.73秒, 估计剩余时间: 53.2秒
🔄 [坐标转换] racket: 1 → 1 个检测结果，偏移量: (665, 55)
🔄 [坐标转换] racket: 1 → 1 个检测结果，偏移量: (665, 55)
🔄 [坐标转换] racket: 1 → 1 个检测结果，偏移量: (665, 55)
🔄 [坐标转换] racket: 1 → 1 个检测结果，偏移量: (665, 55)
🔄 [坐标转换] racket: 1 → 1 个检测结果，偏移量: (665, 55)
🔄 [坐标转换] racket: 1 → 1 个检测结果，偏移量: (665, 55)
🔄 [坐标转换] racket: 1 → 1 个检测结果，偏移量: (665, 55)
🔄 [坐标转换] racket: 1 → 1 个检测结果，偏移量: (665, 55)
🔄 [坐标转换] racket: 1 → 1 个检测结果，偏移量: (665, 55)
🔄 [坐标转换] racket: 1 → 1 个检测结果，偏移量: (665, 55)
🎯 [帧60] ROI区域提取(含边距12px): (1230, 1528, 3) at offset (665, 55)
🤖 [帧60] 开始姿态检测（全帧模式），检测区域: (1440, 2560, 3)
🎾 [帧60] 开始球检测，检测区域: (1230, 1528, 3)
🏓 [帧60] 开始球拍检测，检测区域: (1230, 1528, 3)
🔄 [坐标转换] racket: 1 → 1 个检测结果，偏移量: (665, 55)
🔄 [坐标转换] racket: 1 → 1 个检测结果，偏移量: (665, 55)
🔄 [坐标转换] racket: 1 → 1 个检测结果，偏移量: (665, 55)
🔄 [坐标转换] racket: 1 → 1 个检测结果，偏移量: (665, 55)
🔄 [坐标转换] racket: 1 → 1 个检测结果，偏移量: (665, 55)
🔄 [坐标转换] racket: 1 → 1 个检测结果，偏移量: (665, 55)
🔄 [坐标转换] racket: 1 → 1 个检测结果，偏移量: (665, 55)
🔄 [坐标转换] racket: 1 → 1 个检测结果，偏移量: (665, 55)
🔄 [坐标转换] racket: 1 → 1 个检测结果，偏移量: (665, 55)
🔄 [坐标转换] racket: 1 → 1 个检测结果，偏移量: (665, 55)
🔄 [坐标转换] ball: 1 → 1 个检测结果，偏移量: (665, 55)
🔄 [坐标转换] racket: 1 → 1 个检测结果，偏移量: (665, 55)
🔄 [坐标转换] racket: 1 → 1 个检测结果，偏移量: (665, 55)
🔄 [坐标转换] ball: 1 → 1 个检测结果，偏移量: (665, 55)
🔄 [坐标转换] racket: 1 → 1 个检测结果，偏移量: (665, 55)
⭐ 精彩瞬间-击球(最小距离): 计划保存短视频（前5后15），中心帧 70 (total=1)
🔄 [坐标转换] ball: 1 → 1 个检测结果，偏移量: (665, 55)
🔄 [坐标转换] racket: 1 → 1 个检测结果，偏移量: (665, 55)
🔄 [坐标转换] racket: 1 → 1 个检测结果，偏移量: (665, 55)
处理帧 76/250 (30.4%) - 批处理时间: 6.51秒, 估计剩余时间: 46.1秒
🔄 [坐标转换] racket: 1 → 1 个检测结果，偏移量: (665, 55)
🔄 [坐标转换] racket: 1 → 1 个检测结果，偏移量: (665, 55)
🔄 [坐标转换] racket: 1 → 1 个检测结果，偏移量: (665, 55)
🔄 [坐标转换] racket: 1 → 1 个检测结果，偏移量: (665, 55)
🔄 [坐标转换] racket: 1 → 1 个检测结果，偏移量: (665, 55)
🔄 [坐标转换] racket: 1 → 1 个检测结果，偏移量: (665, 55)
🔄 [坐标转换] racket: 1 → 1 个检测结果，偏移量: (665, 55)
🔄 [坐标转换] racket: 1 → 1 个检测结果，偏移量: (665, 55)
🔄 [坐标转换] racket: 1 → 1 个检测结果，偏移量: (665, 55)
🔄 [坐标转换] racket: 1 → 1 个检测结果，偏移量: (665, 55)
🔄 [坐标转换] racket: 1 → 1 个检测结果，偏移量: (665, 55)
🎞️ 精彩瞬间短视频已保存: data/highlights/highlight_000070_hit.mp4
🔄 [坐标转换] racket: 1 → 1 个检测结果，偏移量: (665, 55)
🔄 [坐标转换] racket: 1 → 1 个检测结果，偏移量: (665, 55)
🔄 [坐标转换] racket: 1 → 1 个检测结果，偏移量: (665, 55)
🔄 [坐标转换] racket: 1 → 1 个检测结果，偏移量: (665, 55)
🎯 [帧90] ROI区域提取(含边距12px): (1230, 1528, 3) at offset (665, 55)
🤖 [帧90] 开始姿态检测（全帧模式），检测区域: (1440, 2560, 3)
🎾 [帧90] 开始球检测，检测区域: (1230, 1528, 3)
🏓 [帧90] 开始球拍检测，检测区域: (1230, 1528, 3)
🔄 [坐标转换] racket: 1 → 1 个检测结果，偏移量: (665, 55)
🔄 [坐标转换] racket: 1 → 1 个检测结果，偏移量: (665, 55)
🔄 [坐标转换] racket: 1 → 1 个检测结果，偏移量: (665, 55)
🔄 [坐标转换] racket: 1 → 1 个检测结果，偏移量: (665, 55)
🔄 [坐标转换] racket: 1 → 1 个检测结果，偏移量: (665, 55)
🔄 [坐标转换] racket: 1 → 1 个检测结果，偏移量: (665, 55)
🔄 [坐标转换] ball: 1 → 1 个检测结果，偏移量: (665, 55)
🔄 [坐标转换] racket: 1 → 1 个检测结果，偏移量: (665, 55)
⭐ 精彩瞬间-击球(最小距离): 计划保存短视频（前5后15），中心帧 73 (total=2)
🎞️ 精彩瞬间短视频已保存: data/highlights/highlight_000073_hit.mp4
🔄 [坐标转换] ball: 1 → 1 个检测结果，偏移量: (665, 55)
🔄 [坐标转换] racket: 1 → 1 个检测结果，偏移量: (665, 55)
🔄 [坐标转换] ball: 1 → 1 个检测结果，偏移量: (665, 55)
🔄 [坐标转换] racket: 1 → 1 个检测结果，偏移量: (665, 55)
🔄 [坐标转换] ball: 1 → 1 个检测结果，偏移量: (665, 55)
🔄 [坐标转换] racket: 1 → 1 个检测结果，偏移量: (665, 55)
处理帧 101/250 (40.4%) - 批处理时间: 6.75秒, 估计剩余时间: 39.7秒
🔄 [坐标转换] racket: 1 → 1 个检测结果，偏移量: (665, 55)
🔄 [坐标转换] racket: 1 → 1 个检测结果，偏移量: (665, 55)
🔄 [坐标转换] racket: 1 → 1 个检测结果，偏移量: (665, 55)
🔄 [坐标转换] racket: 1 → 1 个检测结果，偏移量: (665, 55)
🔄 [坐标转换] racket: 1 → 1 个检测结果，偏移量: (665, 55)
🔄 [坐标转换] ball: 1 → 1 个检测结果，偏移量: (665, 55)
🔄 [坐标转换] racket: 1 → 1 个检测结果，偏移量: (665, 55)
⭐ 精彩瞬间-击球(最小距离): 计划保存短视频（前5后15），中心帧 99 (total=3)
🔄 [坐标转换] ball: 1 → 1 个检测结果，偏移量: (665, 55)
🔄 [坐标转换] racket: 1 → 1 个检测结果，偏移量: (665, 55)
🔄 [坐标转换] ball: 1 → 1 个检测结果，偏移量: (665, 55)
🔄 [坐标转换] racket: 1 → 1 个检测结果，偏移量: (665, 55)
🔄 [坐标转换] ball: 1 → 1 个检测结果，偏移量: (665, 55)
🔄 [坐标转换] racket: 1 → 1 个检测结果，偏移量: (665, 55)
🔄 [坐标转换] ball: 1 → 1 个检测结果，偏移量: (665, 55)
🔄 [坐标转换] racket: 1 → 1 个检测结果，偏移量: (665, 55)
🔄 [坐标转换] ball: 1 → 1 个检测结果，偏移量: (665, 55)
🔄 [坐标转换] racket: 1 → 1 个检测结果，偏移量: (665, 55)
🔄 [坐标转换] ball: 1 → 1 个检测结果，偏移量: (665, 55)
🔄 [坐标转换] racket: 1 → 1 个检测结果，偏移量: (665, 55)
🔄 [坐标转换] ball: 1 → 1 个检测结果，偏移量: (665, 55)
🔄 [坐标转换] racket: 2 → 2 个检测结果，偏移量: (665, 55)
⭐ 精彩瞬间-击球(最小距离): 计划保存短视频（前5后15），中心帧 111 (total=4)
🔄 [坐标转换] ball: 1 → 1 个检测结果，偏移量: (665, 55)
🔄 [坐标转换] racket: 1 → 1 个检测结果，偏移量: (665, 55)
🔄 [坐标转换] ball: 1 → 1 个检测结果，偏移量: (665, 55)
🔄 [坐标转换] racket: 1 → 1 个检测结果，偏移量: (665, 55)
🎞️ 精彩瞬间短视频已保存: data/highlights/highlight_000099_hit.mp4
🔄 [坐标转换] ball: 1 → 1 个检测结果，偏移量: (665, 55)
🔄 [坐标转换] ball: 1 → 1 个检测结果，偏移量: (665, 55)
🔄 [坐标转换] ball: 2 → 2 个检测结果，偏移量: (665, 55)
🔄 [坐标转换] ball: 2 → 2 个检测结果，偏移量: (665, 55)
🔄 [坐标转换] ball: 1 → 1 个检测结果，偏移量: (665, 55)
🎯 [帧120] ROI区域提取(含边距12px): (1230, 1528, 3) at offset (665, 55)
🤖 [帧120] 开始姿态检测（全帧模式），检测区域: (1440, 2560, 3)
🎾 [帧120] 开始球检测，检测区域: (1230, 1528, 3)
🔄 [坐标转换] ball: 1 → 1 个检测结果，偏移量: (665, 55)
🏓 [帧120] 开始球拍检测，检测区域: (1230, 1528, 3)
🔄 [坐标转换] racket: 2 → 2 个检测结果，偏移量: (665, 55)
处理帧 126/250 (50.4%) - 批处理时间: 6.49秒, 估计剩余时间: 32.8秒
🎞️ 精彩瞬间短视频已保存: data/highlights/highlight_000111_hit.mp4
🔄 [坐标转换] racket: 1 → 1 个检测结果，偏移量: (665, 55)
🔄 [坐标转换] racket: 1 → 1 个检测结果，偏移量: (665, 55)
🔄 [坐标转换] racket: 1 → 1 个检测结果，偏移量: (665, 55)
🔄 [坐标转换] racket: 1 → 1 个检测结果，偏移量: (665, 55)
🔄 [坐标转换] racket: 1 → 1 个检测结果，偏移量: (665, 55)
🔄 [坐标转换] racket: 1 → 1 个检测结果，偏移量: (665, 55)
🔄 [坐标转换] racket: 1 → 1 个检测结果，偏移量: (665, 55)
🔄 [坐标转换] racket: 1 → 1 个检测结果，偏移量: (665, 55)
处理帧 151/250 (60.4%) - 批处理时间: 5.98秒, 估计剩余时间: 25.8秒
🎯 [帧150] ROI区域提取(含边距12px): (1230, 1528, 3) at offset (665, 55)
🤖 [帧150] 开始姿态检测（全帧模式），检测区域: (1440, 2560, 3)
🎾 [帧150] 开始球检测，检测区域: (1230, 1528, 3)
🏓 [帧150] 开始球拍检测，检测区域: (1230, 1528, 3)
🔄 [坐标转换] racket: 2 → 2 个检测结果，偏移量: (665, 55)
🔄 [坐标转换] racket: 2 → 2 个检测结果，偏移量: (665, 55)
🔄 [坐标转换] racket: 2 → 2 个检测结果，偏移量: (665, 55)
🔄 [坐标转换] racket: 2 → 2 个检测结果，偏移量: (665, 55)
🔄 [坐标转换] racket: 1 → 1 个检测结果，偏移量: (665, 55)
🔄 [坐标转换] racket: 2 → 2 个检测结果，偏移量: (665, 55)
🔄 [坐标转换] racket: 3 → 3 个检测结果，偏移量: (665, 55)
🔄 [坐标转换] racket: 2 → 2 个检测结果，偏移量: (665, 55)
🔄 [坐标转换] racket: 1 → 1 个检测结果，偏移量: (665, 55)
🔄 [坐标转换] racket: 1 → 1 个检测结果，偏移量: (665, 55)
🔄 [坐标转换] racket: 1 → 1 个检测结果，偏移量: (665, 55)
🔄 [坐标转换] racket: 1 → 1 个检测结果，偏移量: (665, 55)
🔄 [坐标转换] racket: 1 → 1 个检测结果，偏移量: (665, 55)
🔄 [坐标转换] racket: 1 → 1 个检测结果，偏移量: (665, 55)
🔄 [坐标转换] racket: 1 → 1 个检测结果，偏移量: (665, 55)
🔄 [坐标转换] racket: 1 → 1 个检测结果，偏移量: (665, 55)
🔄 [坐标转换] racket: 1 → 1 个检测结果，偏移量: (665, 55)
🔄 [坐标转换] racket: 1 → 1 个检测结果，偏移量: (665, 55)
🔄 [坐标转换] racket: 1 → 1 个检测结果，偏移量: (665, 55)
🔄 [坐标转换] racket: 1 → 1 个检测结果，偏移量: (665, 55)
🔄 [坐标转换] racket: 1 → 1 个检测结果，偏移量: (665, 55)
🔄 [坐标转换] racket: 1 → 1 个检测结果，偏移量: (665, 55)
🔄 [坐标转换] racket: 1 → 1 个检测结果，偏移量: (665, 55)
🔄 [坐标转换] racket: 1 → 1 个检测结果，偏移量: (665, 55)
🔄 [坐标转换] racket: 1 → 1 个检测结果，偏移量: (665, 55)
处理帧 176/250 (70.4%) - 批处理时间: 6.06秒, 估计剩余时间: 19.1秒
🔄 [坐标转换] racket: 1 → 1 个检测结果，偏移量: (665, 55)
🔄 [坐标转换] ball: 1 → 1 个检测结果，偏移量: (665, 55)
🔄 [坐标转换] racket: 1 → 1 个检测结果，偏移量: (665, 55)
🔄 [坐标转换] racket: 1 → 1 个检测结果，偏移量: (665, 55)
🔄 [坐标转换] ball: 1 → 1 个检测结果，偏移量: (665, 55)
🔄 [坐标转换] racket: 1 → 1 个检测结果，偏移量: (665, 55)
🔄 [坐标转换] racket: 1 → 1 个检测结果，偏移量: (665, 55)
🎯 [帧180] ROI区域提取(含边距12px): (1230, 1528, 3) at offset (665, 55)
🤖 [帧180] 开始姿态检测（全帧模式），检测区域: (1440, 2560, 3)
🎾 [帧180] 开始球检测，检测区域: (1230, 1528, 3)
🏓 [帧180] 开始球拍检测，检测区域: (1230, 1528, 3)
🔄 [坐标转换] racket: 1 → 1 个检测结果，偏移量: (665, 55)
🔄 [坐标转换] racket: 1 → 1 个检测结果，偏移量: (665, 55)
🔄 [坐标转换] racket: 1 → 1 个检测结果，偏移量: (665, 55)
🔄 [坐标转换] racket: 1 → 1 个检测结果，偏移量: (665, 55)
🔄 [坐标转换] racket: 1 → 1 个检测结果，偏移量: (665, 55)
🔄 [坐标转换] racket: 1 → 1 个检测结果，偏移量: (665, 55)
🔄 [坐标转换] racket: 1 → 1 个检测结果，偏移量: (665, 55)
🔄 [坐标转换] racket: 1 → 1 个检测结果，偏移量: (665, 55)
🔄 [坐标转换] racket: 1 → 1 个检测结果，偏移量: (665, 55)
🔄 [坐标转换] racket: 1 → 1 个检测结果，偏移量: (665, 55)
🔄 [坐标转换] racket: 1 → 1 个检测结果，偏移量: (665, 55)
🔄 [坐标转换] racket: 1 → 1 个检测结果，偏移量: (665, 55)
🔄 [坐标转换] racket: 1 → 1 个检测结果，偏移量: (665, 55)
🔄 [坐标转换] racket: 1 → 1 个检测结果，偏移量: (665, 55)
🔄 [坐标转换] racket: 1 → 1 个检测结果，偏移量: (665, 55)
🔄 [坐标转换] racket: 1 → 1 个检测结果，偏移量: (665, 55)
🔄 [坐标转换] racket: 1 → 1 个检测结果，偏移量: (665, 55)
🔄 [坐标转换] racket: 1 → 1 个检测结果，偏移量: (665, 55)
🔄 [坐标转换] racket: 1 → 1 个检测结果，偏移量: (665, 55)
🔄 [坐标转换] racket: 1 → 1 个检测结果，偏移量: (665, 55)
处理帧 201/250 (80.4%) - 批处理时间: 5.71秒, 估计剩余时间: 12.5秒
🔄 [坐标转换] ball: 1 → 1 个检测结果，偏移量: (665, 55)
🔄 [坐标转换] racket: 1 → 1 个检测结果，偏移量: (665, 55)
🔄 [坐标转换] ball: 1 → 1 个检测结果，偏移量: (665, 55)
🔄 [坐标转换] racket: 1 → 1 个检测结果，偏移量: (665, 55)
🔄 [坐标转换] ball: 2 → 2 个检测结果，偏移量: (665, 55)
🔄 [坐标转换] racket: 1 → 1 个检测结果，偏移量: (665, 55)
⭐ 精彩瞬间-击球(最小距离): 计划保存短视频（前5后15），中心帧 178 (total=5)
🎞️ 精彩瞬间短视频已保存: data/highlights/highlight_000178_hit.mp4
🔄 [坐标转换] ball: 2 → 2 个检测结果，偏移量: (665, 55)
🔄 [坐标转换] racket: 1 → 1 个检测结果，偏移量: (665, 55)
🔄 [坐标转换] ball: 2 → 2 个检测结果，偏移量: (665, 55)
🔄 [坐标转换] racket: 1 → 1 个检测结果，偏移量: (665, 55)
🔄 [坐标转换] ball: 1 → 1 个检测结果，偏移量: (665, 55)
🔄 [坐标转换] racket: 1 → 1 个检测结果，偏移量: (665, 55)
🔄 [坐标转换] ball: 2 → 2 个检测结果，偏移量: (665, 55)
🔄 [坐标转换] racket: 1 → 1 个检测结果，偏移量: (665, 55)
🔄 [坐标转换] ball: 2 → 2 个检测结果，偏移量: (665, 55)
🔄 [坐标转换] racket: 1 → 1 个检测结果，偏移量: (665, 55)
🔄 [坐标转换] ball: 2 → 2 个检测结果，偏移量: (665, 55)
🔄 [坐标转换] racket: 1 → 1 个检测结果，偏移量: (665, 55)
🔄 [坐标转换] ball: 2 → 2 个检测结果，偏移量: (665, 55)
🔄 [坐标转换] racket: 1 → 1 个检测结果，偏移量: (665, 55)
🎯 [帧210] ROI区域提取(含边距12px): (1230, 1528, 3) at offset (665, 55)
🤖 [帧210] 开始姿态检测（全帧模式），检测区域: (1440, 2560, 3)
🎾 [帧210] 开始球检测，检测区域: (1230, 1528, 3)
🔄 [坐标转换] ball: 2 → 2 个检测结果，偏移量: (665, 55)
🏓 [帧210] 开始球拍检测，检测区域: (1230, 1528, 3)
🔄 [坐标转换] racket: 1 → 1 个检测结果，偏移量: (665, 55)
🔄 [坐标转换] ball: 2 → 2 个检测结果，偏移量: (665, 55)
🔄 [坐标转换] ball: 2 → 2 个检测结果，偏移量: (665, 55)
🔄 [坐标转换] ball: 2 → 2 个检测结果，偏移量: (665, 55)
🔄 [坐标转换] ball: 1 → 1 个检测结果，偏移量: (665, 55)
🔄 [坐标转换] ball: 1 → 1 个检测结果，偏移量: (665, 55)
🔄 [坐标转换] ball: 2 → 2 个检测结果，偏移量: (665, 55)
🔄 [坐标转换] ball: 1 → 1 个检测结果，偏移量: (665, 55)
🔄 [坐标转换] racket: 1 → 1 个检测结果，偏移量: (665, 55)
🔄 [坐标转换] ball: 2 → 2 个检测结果，偏移量: (665, 55)
🔄 [坐标转换] ball: 1 → 1 个检测结果，偏移量: (665, 55)
🔄 [坐标转换] ball: 2 → 2 个检测结果，偏移量: (665, 55)
🔄 [坐标转换] ball: 1 → 1 个检测结果，偏移量: (665, 55)
🔄 [坐标转换] ball: 1 → 1 个检测结果，偏移量: (665, 55)
🔄 [坐标转换] ball: 1 → 1 个检测结果，偏移量: (665, 55)
🔄 [坐标转换] ball: 1 → 1 个检测结果，偏移量: (665, 55)
处理帧 226/250 (90.4%) - 批处理时间: 6.04秒, 估计剩余时间: 6.1秒
🔄 [坐标转换] ball: 1 → 1 个检测结果，偏移量: (665, 55)
🔄 [坐标转换] racket: 1 → 1 个检测结果，偏移量: (665, 55)
🎯 [帧240] ROI区域提取(含边距12px): (1230, 1528, 3) at offset (665, 55)
🤖 [帧240] 开始姿态检测（全帧模式），检测区域: (1440, 2560, 3)
🎾 [帧240] 开始球检测，检测区域: (1230, 1528, 3)
🏓 [帧240] 开始球拍检测，检测区域: (1230, 1528, 3)
🔄 [坐标转换] ball: 1 → 1 个检测结果，偏移量: (665, 55)
🔄 [坐标转换] racket: 1 → 1 个检测结果，偏移量: (665, 55)
🔄 [坐标转换] racket: 1 → 1 个检测结果，偏移量: (665, 55)
🔄 [坐标转换] racket: 1 → 1 个检测结果，偏移量: (665, 55)
🔄 [坐标转换] racket: 1 → 1 个检测结果，偏移量: (665, 55)
🔄 [坐标转换] racket: 1 → 1 个检测结果，偏移量: (665, 55)
🔄 [坐标转换] racket: 2 → 2 个检测结果，偏移量: (665, 55)
🔄 [坐标转换] racket: 2 → 2 个检测结果，偏移量: (665, 55)
🔄 [坐标转换] racket: 2 → 2 个检测结果，偏移量: (665, 55)
🔄 [坐标转换] racket: 1 → 1 个检测结果，偏移量: (665, 55)
视频处理完成!
处理完成! 共处理 250 帧
总处理时间: 62.98 秒
平均处理速度: 3.97 FPS
释放资源...
程序结束
警告: MTCNN模块未安装或依赖缺失
正在加载配置...
配置加载完成，视频路径: data/input_video.mp4
视频信息 - 宽度: 2560, 高度: 1440, FPS: 25, 总帧数 (估计): 250
创建输出视频: data/output_video.mp4
🎯 初始化ROI管理器...
✅ ROI管理器创建完成
ROI设置状态: {'enabled': True, 'interactive_selection': False, 'auto_load_config': True, 'roi_config_path': 'configs/roi_config.yaml', 'crop_margin': 12, 'filter_balls_outside_roi': True, 'visualization': {'show_roi_boundary': True, 'show_roi_fill': False, 'show_roi_points': True, 'highlight_detections': True, 'show_roi_stats': True}, 'colors': {'boundary': [0, 255, 255], 'fill': [0, 255, 255], 'points': [0, 255, 0], 'inside_detection': [0, 255, 0], 'outside_detection': [0, 0, 255]}}
🔍 [调试] 详细ROI配置:
   - enabled: True
   - interactive_selection: False
   - auto_load_config: True
✅ ROI配置已从文件加载
🎯 ROI最终状态: 已设置
   ROI面积: 1550458 像素²
   ROI点数: 4
🤖 初始化姿势估计模块...
✅ 姿势估计模块初始化完成
🎾 初始化球追踪模块...

🎾 === 球检测配置参数 ===
球半径范围: 18-45px
质量阈值: 0.45
圆度阈值: 0.6
边缘距离阈值: 12px
最小移动距离: 8px
静态球判定阈值: 4px
静态球帧数阈值: 6
边界检查: 已关闭
屏蔽区域: 已关闭
========================

使用HSV颜色分割和形状检测跟踪网球，已启用静止球过滤和尺寸过滤
✅ 球追踪模块初始化完成
🏓 初始化球拍检测模块...
✅ 球拍检测模块初始化完成
🏸 初始化完整挥拍分析模块...
✅ 完整挥拍分析模块初始化完成
🎬 开始视频处理循环...
初始化头像替换模块...
头像替换状态: {'enabled': False, 'status': '头像替换功能未启用'}
开始处理视频...
🎯 [帧0] ROI区域提取(含边距12px): (1230, 1528, 3) at offset (665, 55)
🤖 [帧0] 开始姿态检测（全帧模式），检测区域: (1440, 2560, 3)
🎾 [帧0] 开始球检测，检测区域: (1230, 1528, 3)
🏓 [帧0] 开始球拍检测，检测区域: (1230, 1528, 3)
🔄 [坐标转换] racket: 1 → 1 个检测结果，偏移量: (665, 55)
🔄 [坐标转换] racket: 1 → 1 个检测结果，偏移量: (665, 55)
🔄 [坐标转换] ball: 1 → 1 个检测结果，偏移量: (665, 55)
🔄 [坐标转换] ball: 1 → 1 个检测结果，偏移量: (665, 55)
处理帧 26/250 (10.4%) - 批处理时间: 7.33秒, 估计剩余时间: 63.4秒
🔄 [坐标转换] racket: 1 → 1 个检测结果，偏移量: (665, 55)
🔄 [坐标转换] racket: 1 → 1 个检测结果，偏移量: (665, 55)
🔄 [坐标转换] ball: 1 → 1 个检测结果，偏移量: (665, 55)
🔄 [坐标转换] racket: 1 → 1 个检测结果，偏移量: (665, 55)
🔄 [坐标转换] racket: 1 → 1 个检测结果，偏移量: (665, 55)
🎯 [帧30] ROI区域提取(含边距12px): (1230, 1528, 3) at offset (665, 55)
🤖 [帧30] 开始姿态检测（全帧模式），检测区域: (1440, 2560, 3)
🎾 [帧30] 开始球检测，检测区域: (1230, 1528, 3)
🏓 [帧30] 开始球拍检测，检测区域: (1230, 1528, 3)
🔄 [坐标转换] racket: 1 → 1 个检测结果，偏移量: (665, 55)
🔄 [坐标转换] racket: 1 → 1 个检测结果，偏移量: (665, 55)
🔄 [坐标转换] racket: 1 → 1 个检测结果，偏移量: (665, 55)
🔄 [坐标转换] racket: 1 → 1 个检测结果，偏移量: (665, 55)
🔄 [坐标转换] racket: 1 → 1 个检测结果，偏移量: (665, 55)
🔄 [坐标转换] racket: 1 → 1 个检测结果，偏移量: (665, 55)
🔄 [坐标转换] racket: 1 → 1 个检测结果，偏移量: (665, 55)
🔄 [坐标转换] racket: 1 → 1 个检测结果，偏移量: (665, 55)
🔄 [坐标转换] racket: 1 → 1 个检测结果，偏移量: (665, 55)
🔄 [坐标转换] racket: 1 → 1 个检测结果，偏移量: (665, 55)
🔄 [坐标转换] racket: 1 → 1 个检测结果，偏移量: (665, 55)
🔄 [坐标转换] racket: 1 → 1 个检测结果，偏移量: (665, 55)
🔄 [坐标转换] racket: 1 → 1 个检测结果，偏移量: (665, 55)
🔄 [坐标转换] racket: 1 → 1 个检测结果，偏移量: (665, 55)
🔄 [坐标转换] racket: 1 → 1 个检测结果，偏移量: (665, 55)
🔄 [坐标转换] racket: 1 → 1 个检测结果，偏移量: (665, 55)
🔄 [坐标转换] racket: 1 → 1 个检测结果，偏移量: (665, 55)
🔄 [坐标转换] racket: 1 → 1 个检测结果，偏移量: (665, 55)
处理帧 51/250 (20.4%) - 批处理时间: 6.31秒, 估计剩余时间: 53.4秒
🔄 [坐标转换] racket: 1 → 1 个检测结果，偏移量: (665, 55)
🔄 [坐标转换] racket: 1 → 1 个检测结果，偏移量: (665, 55)
🔄 [坐标转换] racket: 1 → 1 个检测结果，偏移量: (665, 55)
🔄 [坐标转换] racket: 1 → 1 个检测结果，偏移量: (665, 55)
🔄 [坐标转换] racket: 1 → 1 个检测结果，偏移量: (665, 55)
🔄 [坐标转换] racket: 1 → 1 个检测结果，偏移量: (665, 55)
🔄 [坐标转换] racket: 1 → 1 个检测结果，偏移量: (665, 55)
🔄 [坐标转换] racket: 1 → 1 个检测结果，偏移量: (665, 55)
🔄 [坐标转换] racket: 1 → 1 个检测结果，偏移量: (665, 55)
🔄 [坐标转换] racket: 1 → 1 个检测结果，偏移量: (665, 55)
🎯 [帧60] ROI区域提取(含边距12px): (1230, 1528, 3) at offset (665, 55)
🤖 [帧60] 开始姿态检测（全帧模式），检测区域: (1440, 2560, 3)
🎾 [帧60] 开始球检测，检测区域: (1230, 1528, 3)
🏓 [帧60] 开始球拍检测，检测区域: (1230, 1528, 3)
🔄 [坐标转换] racket: 1 → 1 个检测结果，偏移量: (665, 55)
🔄 [坐标转换] racket: 1 → 1 个检测结果，偏移量: (665, 55)
🔄 [坐标转换] racket: 1 → 1 个检测结果，偏移量: (665, 55)
🔄 [坐标转换] racket: 1 → 1 个检测结果，偏移量: (665, 55)
🔄 [坐标转换] racket: 1 → 1 个检测结果，偏移量: (665, 55)
🔄 [坐标转换] racket: 1 → 1 个检测结果，偏移量: (665, 55)
🔄 [坐标转换] racket: 1 → 1 个检测结果，偏移量: (665, 55)
🔄 [坐标转换] racket: 1 → 1 个检测结果，偏移量: (665, 55)
🔄 [坐标转换] racket: 1 → 1 个检测结果，偏移量: (665, 55)
🔄 [坐标转换] racket: 1 → 1 个检测结果，偏移量: (665, 55)
🔄 [坐标转换] ball: 1 → 1 个检测结果，偏移量: (665, 55)
🔄 [坐标转换] racket: 1 → 1 个检测结果，偏移量: (665, 55)
🔄 [坐标转换] racket: 1 → 1 个检测结果，偏移量: (665, 55)
🔄 [坐标转换] ball: 1 → 1 个检测结果，偏移量: (665, 55)
🔄 [坐标转换] racket: 1 → 1 个检测结果，偏移量: (665, 55)
⭐ 精彩瞬间-击球(最小距离): 计划保存短视频（前5后15），中心帧 70 (total=1)
🔄 [坐标转换] ball: 1 → 1 个检测结果，偏移量: (665, 55)
🔄 [坐标转换] racket: 1 → 1 个检测结果，偏移量: (665, 55)
🔄 [坐标转换] racket: 1 → 1 个检测结果，偏移量: (665, 55)
处理帧 76/250 (30.4%) - 批处理时间: 6.47秒, 估计剩余时间: 46.1秒
🔄 [坐标转换] racket: 1 → 1 个检测结果，偏移量: (665, 55)
🔄 [坐标转换] racket: 1 → 1 个检测结果，偏移量: (665, 55)
🔄 [坐标转换] racket: 1 → 1 个检测结果，偏移量: (665, 55)
🔄 [坐标转换] racket: 1 → 1 个检测结果，偏移量: (665, 55)
🔄 [坐标转换] racket: 1 → 1 个检测结果，偏移量: (665, 55)
🔄 [坐标转换] racket: 1 → 1 个检测结果，偏移量: (665, 55)
🔄 [坐标转换] racket: 1 → 1 个检测结果，偏移量: (665, 55)
🔄 [坐标转换] racket: 1 → 1 个检测结果，偏移量: (665, 55)
🔄 [坐标转换] racket: 1 → 1 个检测结果，偏移量: (665, 55)
🔄 [坐标转换] racket: 1 → 1 个检测结果，偏移量: (665, 55)
🔄 [坐标转换] racket: 1 → 1 个检测结果，偏移量: (665, 55)
🎞️ 精彩瞬间短视频已保存: data/highlights/highlight_000070_hit.mp4
🔄 [坐标转换] racket: 1 → 1 个检测结果，偏移量: (665, 55)
🔄 [坐标转换] racket: 1 → 1 个检测结果，偏移量: (665, 55)
🔄 [坐标转换] racket: 1 → 1 个检测结果，偏移量: (665, 55)
🔄 [坐标转换] racket: 1 → 1 个检测结果，偏移量: (665, 55)
🎯 [帧90] ROI区域提取(含边距12px): (1230, 1528, 3) at offset (665, 55)
🤖 [帧90] 开始姿态检测（全帧模式），检测区域: (1440, 2560, 3)
🎾 [帧90] 开始球检测，检测区域: (1230, 1528, 3)
🏓 [帧90] 开始球拍检测，检测区域: (1230, 1528, 3)
🔄 [坐标转换] racket: 1 → 1 个检测结果，偏移量: (665, 55)
🔄 [坐标转换] racket: 1 → 1 个检测结果，偏移量: (665, 55)
🔄 [坐标转换] racket: 1 → 1 个检测结果，偏移量: (665, 55)
🔄 [坐标转换] racket: 1 → 1 个检测结果，偏移量: (665, 55)
🔄 [坐标转换] racket: 1 → 1 个检测结果，偏移量: (665, 55)
🔄 [坐标转换] racket: 1 → 1 个检测结果，偏移量: (665, 55)
🔄 [坐标转换] ball: 1 → 1 个检测结果，偏移量: (665, 55)
🔄 [坐标转换] racket: 1 → 1 个检测结果，偏移量: (665, 55)
⭐ 精彩瞬间-击球(最小距离): 计划保存短视频（前5后15），中心帧 73 (total=2)
🎞️ 精彩瞬间短视频已保存: data/highlights/highlight_000073_hit.mp4
🔄 [坐标转换] ball: 1 → 1 个检测结果，偏移量: (665, 55)
🔄 [坐标转换] racket: 1 → 1 个检测结果，偏移量: (665, 55)
🔄 [坐标转换] ball: 1 → 1 个检测结果，偏移量: (665, 55)
🔄 [坐标转换] racket: 1 → 1 个检测结果，偏移量: (665, 55)
🔄 [坐标转换] ball: 1 → 1 个检测结果，偏移量: (665, 55)
🔄 [坐标转换] racket: 1 → 1 个检测结果，偏移量: (665, 55)
处理帧 101/250 (40.4%) - 批处理时间: 6.43秒, 估计剩余时间: 39.2秒
🔄 [坐标转换] racket: 1 → 1 个检测结果，偏移量: (665, 55)
🔄 [坐标转换] racket: 1 → 1 个检测结果，偏移量: (665, 55)
🔄 [坐标转换] racket: 1 → 1 个检测结果，偏移量: (665, 55)
🔄 [坐标转换] racket: 1 → 1 个检测结果，偏移量: (665, 55)
🔄 [坐标转换] racket: 1 → 1 个检测结果，偏移量: (665, 55)
🔄 [坐标转换] ball: 1 → 1 个检测结果，偏移量: (665, 55)
🔄 [坐标转换] racket: 1 → 1 个检测结果，偏移量: (665, 55)
⭐ 精彩瞬间-击球(最小距离): 计划保存短视频（前5后15），中心帧 99 (total=3)
🔄 [坐标转换] ball: 1 → 1 个检测结果，偏移量: (665, 55)
🔄 [坐标转换] racket: 1 → 1 个检测结果，偏移量: (665, 55)
🔄 [坐标转换] ball: 1 → 1 个检测结果，偏移量: (665, 55)
🔄 [坐标转换] racket: 1 → 1 个检测结果，偏移量: (665, 55)
🔄 [坐标转换] ball: 1 → 1 个检测结果，偏移量: (665, 55)
🔄 [坐标转换] racket: 1 → 1 个检测结果，偏移量: (665, 55)
🔄 [坐标转换] ball: 1 → 1 个检测结果，偏移量: (665, 55)
🔄 [坐标转换] racket: 1 → 1 个检测结果，偏移量: (665, 55)
🔄 [坐标转换] ball: 1 → 1 个检测结果，偏移量: (665, 55)
🔄 [坐标转换] racket: 1 → 1 个检测结果，偏移量: (665, 55)
🔄 [坐标转换] ball: 1 → 1 个检测结果，偏移量: (665, 55)
🔄 [坐标转换] racket: 1 → 1 个检测结果，偏移量: (665, 55)
🔄 [坐标转换] ball: 1 → 1 个检测结果，偏移量: (665, 55)
🔄 [坐标转换] racket: 2 → 2 个检测结果，偏移量: (665, 55)
⭐ 精彩瞬间-击球(最小距离): 计划保存短视频（前5后15），中心帧 111 (total=4)
🔄 [坐标转换] ball: 1 → 1 个检测结果，偏移量: (665, 55)
🔄 [坐标转换] racket: 1 → 1 个检测结果，偏移量: (665, 55)
🔄 [坐标转换] ball: 1 → 1 个检测结果，偏移量: (665, 55)
🔄 [坐标转换] racket: 1 → 1 个检测结果，偏移量: (665, 55)
🎞️ 精彩瞬间短视频已保存: data/highlights/highlight_000099_hit.mp4
🔄 [坐标转换] ball: 1 → 1 个检测结果，偏移量: (665, 55)
🔄 [坐标转换] ball: 1 → 1 个检测结果，偏移量: (665, 55)
🔄 [坐标转换] ball: 2 → 2 个检测结果，偏移量: (665, 55)
🔄 [坐标转换] ball: 2 → 2 个检测结果，偏移量: (665, 55)
🔄 [坐标转换] ball: 1 → 1 个检测结果，偏移量: (665, 55)
🎯 [帧120] ROI区域提取(含边距12px): (1230, 1528, 3) at offset (665, 55)
🤖 [帧120] 开始姿态检测（全帧模式），检测区域: (1440, 2560, 3)
🎾 [帧120] 开始球检测，检测区域: (1230, 1528, 3)
🔄 [坐标转换] ball: 1 → 1 个检测结果，偏移量: (665, 55)
🏓 [帧120] 开始球拍检测，检测区域: (1230, 1528, 3)
🔄 [坐标转换] racket: 2 → 2 个检测结果，偏移量: (665, 55)
处理帧 126/250 (50.4%) - 批处理时间: 6.46秒, 估计剩余时间: 32.5秒
🎞️ 精彩瞬间短视频已保存: data/highlights/highlight_000111_hit.mp4
🔄 [坐标转换] racket: 1 → 1 个检测结果，偏移量: (665, 55)
🔄 [坐标转换] racket: 1 → 1 个检测结果，偏移量: (665, 55)
🔄 [坐标转换] racket: 1 → 1 个检测结果，偏移量: (665, 55)
🔄 [坐标转换] racket: 1 → 1 个检测结果，偏移量: (665, 55)
🔄 [坐标转换] racket: 1 → 1 个检测结果，偏移量: (665, 55)
🔄 [坐标转换] racket: 1 → 1 个检测结果，偏移量: (665, 55)
🔄 [坐标转换] racket: 1 → 1 个检测结果，偏移量: (665, 55)
🔄 [坐标转换] racket: 1 → 1 个检测结果，偏移量: (665, 55)
处理帧 151/250 (60.4%) - 批处理时间: 5.79秒, 估计剩余时间: 25.5秒
🎯 [帧150] ROI区域提取(含边距12px): (1230, 1528, 3) at offset (665, 55)
🤖 [帧150] 开始姿态检测（全帧模式），检测区域: (1440, 2560, 3)
🎾 [帧150] 开始球检测，检测区域: (1230, 1528, 3)
🏓 [帧150] 开始球拍检测，检测区域: (1230, 1528, 3)
🔄 [坐标转换] racket: 2 → 2 个检测结果，偏移量: (665, 55)
🔄 [坐标转换] racket: 2 → 2 个检测结果，偏移量: (665, 55)
🔄 [坐标转换] racket: 2 → 2 个检测结果，偏移量: (665, 55)
🔄 [坐标转换] racket: 2 → 2 个检测结果，偏移量: (665, 55)
🔄 [坐标转换] racket: 1 → 1 个检测结果，偏移量: (665, 55)
🔄 [坐标转换] racket: 2 → 2 个检测结果，偏移量: (665, 55)
🔄 [坐标转换] racket: 3 → 3 个检测结果，偏移量: (665, 55)
🔄 [坐标转换] racket: 2 → 2 个检测结果，偏移量: (665, 55)
🔄 [坐标转换] racket: 1 → 1 个检测结果，偏移量: (665, 55)
🔄 [坐标转换] racket: 1 → 1 个检测结果，偏移量: (665, 55)
🔄 [坐标转换] racket: 1 → 1 个检测结果，偏移量: (665, 55)
🔄 [坐标转换] racket: 1 → 1 个检测结果，偏移量: (665, 55)
🔄 [坐标转换] racket: 1 → 1 个检测结果，偏移量: (665, 55)
🔄 [坐标转换] racket: 1 → 1 个检测结果，偏移量: (665, 55)
🔄 [坐标转换] racket: 1 → 1 个检测结果，偏移量: (665, 55)
🔄 [坐标转换] racket: 1 → 1 个检测结果，偏移量: (665, 55)
🔄 [坐标转换] racket: 1 → 1 个检测结果，偏移量: (665, 55)
🔄 [坐标转换] racket: 1 → 1 个检测结果，偏移量: (665, 55)
🔄 [坐标转换] racket: 1 → 1 个检测结果，偏移量: (665, 55)
🔄 [坐标转换] racket: 1 → 1 个检测结果，偏移量: (665, 55)
🔄 [坐标转换] racket: 1 → 1 个检测结果，偏移量: (665, 55)
🔄 [坐标转换] racket: 1 → 1 个检测结果，偏移量: (665, 55)
🔄 [坐标转换] racket: 1 → 1 个检测结果，偏移量: (665, 55)
🔄 [坐标转换] racket: 1 → 1 个检测结果，偏移量: (665, 55)
🔄 [坐标转换] racket: 1 → 1 个检测结果，偏移量: (665, 55)
处理帧 176/250 (70.4%) - 批处理时间: 5.51秒, 估计剩余时间: 18.6秒
🔄 [坐标转换] racket: 1 → 1 个检测结果，偏移量: (665, 55)
🔄 [坐标转换] ball: 1 → 1 个检测结果，偏移量: (665, 55)
🔄 [坐标转换] racket: 1 → 1 个检测结果，偏移量: (665, 55)
🔄 [坐标转换] racket: 1 → 1 个检测结果，偏移量: (665, 55)
🔄 [坐标转换] ball: 1 → 1 个检测结果，偏移量: (665, 55)
🔄 [坐标转换] racket: 1 → 1 个检测结果，偏移量: (665, 55)
🔄 [坐标转换] racket: 1 → 1 个检测结果，偏移量: (665, 55)
🎯 [帧180] ROI区域提取(含边距12px): (1230, 1528, 3) at offset (665, 55)
🤖 [帧180] 开始姿态检测（全帧模式），检测区域: (1440, 2560, 3)
🎾 [帧180] 开始球检测，检测区域: (1230, 1528, 3)
🏓 [帧180] 开始球拍检测，检测区域: (1230, 1528, 3)
🔄 [坐标转换] racket: 1 → 1 个检测结果，偏移量: (665, 55)
🔄 [坐标转换] racket: 1 → 1 个检测结果，偏移量: (665, 55)
🔄 [坐标转换] racket: 1 → 1 个检测结果，偏移量: (665, 55)
🔄 [坐标转换] racket: 1 → 1 个检测结果，偏移量: (665, 55)
🔄 [坐标转换] racket: 1 → 1 个检测结果，偏移量: (665, 55)
🔄 [坐标转换] racket: 1 → 1 个检测结果，偏移量: (665, 55)
🔄 [坐标转换] racket: 1 → 1 个检测结果，偏移量: (665, 55)
🔄 [坐标转换] racket: 1 → 1 个检测结果，偏移量: (665, 55)
🔄 [坐标转换] racket: 1 → 1 个检测结果，偏移量: (665, 55)
🔄 [坐标转换] racket: 1 → 1 个检测结果，偏移量: (665, 55)
🔄 [坐标转换] racket: 1 → 1 个检测结果，偏移量: (665, 55)
🔄 [坐标转换] racket: 1 → 1 个检测结果，偏移量: (665, 55)
🔄 [坐标转换] racket: 1 → 1 个检测结果，偏移量: (665, 55)
🔄 [坐标转换] racket: 1 → 1 个检测结果，偏移量: (665, 55)
🔄 [坐标转换] racket: 1 → 1 个检测结果，偏移量: (665, 55)
🔄 [坐标转换] racket: 1 → 1 个检测结果，偏移量: (665, 55)
🔄 [坐标转换] racket: 1 → 1 个检测结果，偏移量: (665, 55)
🔄 [坐标转换] racket: 1 → 1 个检测结果，偏移量: (665, 55)
🔄 [坐标转换] racket: 1 → 1 个检测结果，偏移量: (665, 55)
🔄 [坐标转换] racket: 1 → 1 个检测结果，偏移量: (665, 55)
处理帧 201/250 (80.4%) - 批处理时间: 5.58秒, 估计剩余时间: 12.2秒
🔄 [坐标转换] ball: 1 → 1 个检测结果，偏移量: (665, 55)
🔄 [坐标转换] racket: 1 → 1 个检测结果，偏移量: (665, 55)
🔄 [坐标转换] ball: 1 → 1 个检测结果，偏移量: (665, 55)
🔄 [坐标转换] racket: 1 → 1 个检测结果，偏移量: (665, 55)
🔄 [坐标转换] ball: 2 → 2 个检测结果，偏移量: (665, 55)
🔄 [坐标转换] racket: 1 → 1 个检测结果，偏移量: (665, 55)
⭐ 精彩瞬间-击球(最小距离): 计划保存短视频（前5后15），中心帧 178 (total=5)
🎞️ 精彩瞬间短视频已保存: data/highlights/highlight_000178_hit.mp4
🔄 [坐标转换] ball: 2 → 2 个检测结果，偏移量: (665, 55)
🔄 [坐标转换] racket: 1 → 1 个检测结果，偏移量: (665, 55)
🔄 [坐标转换] ball: 2 → 2 个检测结果，偏移量: (665, 55)
🔄 [坐标转换] racket: 1 → 1 个检测结果，偏移量: (665, 55)
🔄 [坐标转换] ball: 1 → 1 个检测结果，偏移量: (665, 55)
🔄 [坐标转换] racket: 1 → 1 个检测结果，偏移量: (665, 55)
🔄 [坐标转换] ball: 2 → 2 个检测结果，偏移量: (665, 55)
🔄 [坐标转换] racket: 1 → 1 个检测结果，偏移量: (665, 55)
🔄 [坐标转换] ball: 2 → 2 个检测结果，偏移量: (665, 55)
🔄 [坐标转换] racket: 1 → 1 个检测结果，偏移量: (665, 55)
🔄 [坐标转换] ball: 2 → 2 个检测结果，偏移量: (665, 55)
🔄 [坐标转换] racket: 1 → 1 个检测结果，偏移量: (665, 55)
🔄 [坐标转换] ball: 2 → 2 个检测结果，偏移量: (665, 55)
🔄 [坐标转换] racket: 1 → 1 个检测结果，偏移量: (665, 55)
🎯 [帧210] ROI区域提取(含边距12px): (1230, 1528, 3) at offset (665, 55)
🤖 [帧210] 开始姿态检测（全帧模式），检测区域: (1440, 2560, 3)
🎾 [帧210] 开始球检测，检测区域: (1230, 1528, 3)
🔄 [坐标转换] ball: 2 → 2 个检测结果，偏移量: (665, 55)
🏓 [帧210] 开始球拍检测，检测区域: (1230, 1528, 3)
🔄 [坐标转换] racket: 1 → 1 个检测结果，偏移量: (665, 55)
🔄 [坐标转换] ball: 2 → 2 个检测结果，偏移量: (665, 55)
🔄 [坐标转换] ball: 2 → 2 个检测结果，偏移量: (665, 55)
🔄 [坐标转换] ball: 2 → 2 个检测结果，偏移量: (665, 55)
🔄 [坐标转换] ball: 1 → 1 个检测结果，偏移量: (665, 55)
🔄 [坐标转换] ball: 1 → 1 个检测结果，偏移量: (665, 55)
🔄 [坐标转换] ball: 2 → 2 个检测结果，偏移量: (665, 55)
🔄 [坐标转换] ball: 1 → 1 个检测结果，偏移量: (665, 55)
🔄 [坐标转换] racket: 1 → 1 个检测结果，偏移量: (665, 55)
🔄 [坐标转换] ball: 2 → 2 个检测结果，偏移量: (665, 55)
🔄 [坐标转换] ball: 1 → 1 个检测结果，偏移量: (665, 55)
🔄 [坐标转换] ball: 2 → 2 个检测结果，偏移量: (665, 55)
🔄 [坐标转换] ball: 1 → 1 个检测结果，偏移量: (665, 55)
🔄 [坐标转换] ball: 1 → 1 个检测结果，偏移量: (665, 55)
🔄 [坐标转换] ball: 1 → 1 个检测结果，偏移量: (665, 55)
🔄 [坐标转换] ball: 1 → 1 个检测结果，偏移量: (665, 55)
处理帧 226/250 (90.4%) - 批处理时间: 6.04秒, 估计剩余时间: 5.9秒
🔄 [坐标转换] ball: 1 → 1 个检测结果，偏移量: (665, 55)
🔄 [坐标转换] racket: 1 → 1 个检测结果，偏移量: (665, 55)
🎯 [帧240] ROI区域提取(含边距12px): (1230, 1528, 3) at offset (665, 55)
🤖 [帧240] 开始姿态检测（全帧模式），检测区域: (1440, 2560, 3)
🎾 [帧240] 开始球检测，检测区域: (1230, 1528, 3)
🏓 [帧240] 开始球拍检测，检测区域: (1230, 1528, 3)
🔄 [坐标转换] ball: 1 → 1 个检测结果，偏移量: (665, 55)
🔄 [坐标转换] racket: 1 → 1 个检测结果，偏移量: (665, 55)
🔄 [坐标转换] racket: 1 → 1 个检测结果，偏移量: (665, 55)
🔄 [坐标转换] racket: 1 → 1 个检测结果，偏移量: (665, 55)
🔄 [坐标转换] racket: 1 → 1 个检测结果，偏移量: (665, 55)
🔄 [坐标转换] racket: 1 → 1 个检测结果，偏移量: (665, 55)
🔄 [坐标转换] racket: 2 → 2 个检测结果，偏移量: (665, 55)
🔄 [坐标转换] racket: 2 → 2 个检测结果，偏移量: (665, 55)
🔄 [坐标转换] racket: 2 → 2 个检测结果，偏移量: (665, 55)
🔄 [坐标转换] racket: 1 → 1 个检测结果，偏移量: (665, 55)
视频处理完成!
处理完成! 共处理 250 帧
总处理时间: 61.90 秒
平均处理速度: 4.04 FPS
释放资源...
程序结束
警告: MTCNN模块未安装或依赖缺失
正在加载配置...
配置加载完成，视频路径: data/input_video.mp4
视频信息 - 宽度: 2560, 高度: 1440, FPS: 25, 总帧数 (估计): 250
创建输出视频: data/output_video.mp4
🎯 初始化ROI管理器...
✅ ROI管理器创建完成
ROI设置状态: {'enabled': True, 'interactive_selection': False, 'auto_load_config': True, 'roi_config_path': 'configs/roi_config.yaml', 'crop_margin': 12, 'filter_balls_outside_roi': True, 'visualization': {'show_roi_boundary': True, 'show_roi_fill': False, 'show_roi_points': True, 'highlight_detections': True, 'show_roi_stats': True}, 'colors': {'boundary': [0, 255, 255], 'fill': [0, 255, 255], 'points': [0, 255, 0], 'inside_detection': [0, 255, 0], 'outside_detection': [0, 0, 255]}}
🔍 [调试] 详细ROI配置:
   - enabled: True
   - interactive_selection: False
   - auto_load_config: True
✅ ROI配置已从文件加载
🎯 ROI最终状态: 已设置
   ROI面积: 1550458 像素²
   ROI点数: 4
🤖 初始化姿势估计模块...
✅ 姿势估计模块初始化完成
🎾 初始化球追踪模块...

🎾 === 球检测配置参数 ===
球半径范围: 18-45px
质量阈值: 0.45
圆度阈值: 0.6
边缘距离阈值: 12px
最小移动距离: 8px
静态球判定阈值: 4px
静态球帧数阈值: 6
边界检查: 已关闭
屏蔽区域: 已关闭
========================

使用HSV颜色分割和形状检测跟踪网球，已启用静止球过滤和尺寸过滤
✅ 球追踪模块初始化完成
🏓 初始化球拍检测模块...
✅ 球拍检测模块初始化完成
🏸 初始化完整挥拍分析模块...
✅ 完整挥拍分析模块初始化完成
🎬 开始视频处理循环...
初始化头像替换模块...
头像替换状态: {'enabled': False, 'status': '头像替换功能未启用'}
开始处理视频...
🎯 [帧0] ROI区域提取(含边距12px): (1230, 1528, 3) at offset (665, 55)
🤖 [帧0] 开始姿态检测（全帧模式），检测区域: (1440, 2560, 3)
🎾 [帧0] 开始球检测，检测区域: (1230, 1528, 3)
🏓 [帧0] 开始球拍检测，检测区域: (1230, 1528, 3)
🔄 [坐标转换] racket: 1 → 1 个检测结果，偏移量: (665, 55)
🔄 [坐标转换] racket: 1 → 1 个检测结果，偏移量: (665, 55)
🔄 [坐标转换] ball: 1 → 1 个检测结果，偏移量: (665, 55)
🔄 [坐标转换] ball: 1 → 1 个检测结果，偏移量: (665, 55)
处理帧 26/250 (10.4%) - 批处理时间: 7.86秒, 估计剩余时间: 68.1秒
🔄 [坐标转换] racket: 1 → 1 个检测结果，偏移量: (665, 55)
🔄 [坐标转换] racket: 1 → 1 个检测结果，偏移量: (665, 55)
🔄 [坐标转换] ball: 1 → 1 个检测结果，偏移量: (665, 55)
🔄 [坐标转换] racket: 1 → 1 个检测结果，偏移量: (665, 55)
🔄 [坐标转换] racket: 1 → 1 个检测结果，偏移量: (665, 55)
🎯 [帧30] ROI区域提取(含边距12px): (1230, 1528, 3) at offset (665, 55)
🤖 [帧30] 开始姿态检测（全帧模式），检测区域: (1440, 2560, 3)
🎾 [帧30] 开始球检测，检测区域: (1230, 1528, 3)
🏓 [帧30] 开始球拍检测，检测区域: (1230, 1528, 3)
🔄 [坐标转换] racket: 1 → 1 个检测结果，偏移量: (665, 55)
🔄 [坐标转换] racket: 1 → 1 个检测结果，偏移量: (665, 55)
🔄 [坐标转换] racket: 1 → 1 个检测结果，偏移量: (665, 55)
🔄 [坐标转换] racket: 1 → 1 个检测结果，偏移量: (665, 55)
🔄 [坐标转换] racket: 1 → 1 个检测结果，偏移量: (665, 55)
🔄 [坐标转换] racket: 1 → 1 个检测结果，偏移量: (665, 55)
🔄 [坐标转换] racket: 1 → 1 个检测结果，偏移量: (665, 55)
🔄 [坐标转换] racket: 1 → 1 个检测结果，偏移量: (665, 55)
🔄 [坐标转换] racket: 1 → 1 个检测结果，偏移量: (665, 55)
🔄 [坐标转换] racket: 1 → 1 个检测结果，偏移量: (665, 55)
🔄 [坐标转换] racket: 1 → 1 个检测结果，偏移量: (665, 55)
🔄 [坐标转换] racket: 1 → 1 个检测结果，偏移量: (665, 55)
🔄 [坐标转换] racket: 1 → 1 个检测结果，偏移量: (665, 55)
🔄 [坐标转换] racket: 1 → 1 个检测结果，偏移量: (665, 55)
🔄 [坐标转换] racket: 1 → 1 个检测结果，偏移量: (665, 55)
🔄 [坐标转换] racket: 1 → 1 个检测结果，偏移量: (665, 55)
🔄 [坐标转换] racket: 1 → 1 个检测结果，偏移量: (665, 55)
🔄 [坐标转换] racket: 1 → 1 个检测结果，偏移量: (665, 55)
处理帧 51/250 (20.4%) - 批处理时间: 6.95秒, 估计剩余时间: 57.9秒
🔄 [坐标转换] racket: 1 → 1 个检测结果，偏移量: (665, 55)
🔄 [坐标转换] racket: 1 → 1 个检测结果，偏移量: (665, 55)
🔄 [坐标转换] racket: 1 → 1 个检测结果，偏移量: (665, 55)
🔄 [坐标转换] racket: 1 → 1 个检测结果，偏移量: (665, 55)
🔄 [坐标转换] racket: 1 → 1 个检测结果，偏移量: (665, 55)
🔄 [坐标转换] racket: 1 → 1 个检测结果，偏移量: (665, 55)
🔄 [坐标转换] racket: 1 → 1 个检测结果，偏移量: (665, 55)
🔄 [坐标转换] racket: 1 → 1 个检测结果，偏移量: (665, 55)
🔄 [坐标转换] racket: 1 → 1 个检测结果，偏移量: (665, 55)
🔄 [坐标转换] racket: 1 → 1 个检测结果，偏移量: (665, 55)
🎯 [帧60] ROI区域提取(含边距12px): (1230, 1528, 3) at offset (665, 55)
🤖 [帧60] 开始姿态检测（全帧模式），检测区域: (1440, 2560, 3)
🎾 [帧60] 开始球检测，检测区域: (1230, 1528, 3)
🏓 [帧60] 开始球拍检测，检测区域: (1230, 1528, 3)
🔄 [坐标转换] racket: 1 → 1 个检测结果，偏移量: (665, 55)
🔄 [坐标转换] racket: 1 → 1 个检测结果，偏移量: (665, 55)
🔄 [坐标转换] racket: 1 → 1 个检测结果，偏移量: (665, 55)
🔄 [坐标转换] racket: 1 → 1 个检测结果，偏移量: (665, 55)
🔄 [坐标转换] racket: 1 → 1 个检测结果，偏移量: (665, 55)
🔄 [坐标转换] racket: 1 → 1 个检测结果，偏移量: (665, 55)
🔄 [坐标转换] racket: 1 → 1 个检测结果，偏移量: (665, 55)
🔄 [坐标转换] racket: 1 → 1 个检测结果，偏移量: (665, 55)
🔄 [坐标转换] racket: 1 → 1 个检测结果，偏移量: (665, 55)
🔄 [坐标转换] racket: 1 → 1 个检测结果，偏移量: (665, 55)
🔄 [坐标转换] ball: 1 → 1 个检测结果，偏移量: (665, 55)
🔄 [坐标转换] racket: 1 → 1 个检测结果，偏移量: (665, 55)
🔄 [坐标转换] racket: 1 → 1 个检测结果，偏移量: (665, 55)
🔄 [坐标转换] ball: 1 → 1 个检测结果，偏移量: (665, 55)
🔄 [坐标转换] racket: 1 → 1 个检测结果，偏移量: (665, 55)
⭐ 精彩瞬间-击球(最小距离): 计划保存短视频（前5后15），中心帧 70 (total=1)
🔄 [坐标转换] ball: 1 → 1 个检测结果，偏移量: (665, 55)
🔄 [坐标转换] racket: 1 → 1 个检测结果，偏移量: (665, 55)
🔄 [坐标转换] racket: 1 → 1 个检测结果，偏移量: (665, 55)
处理帧 76/250 (30.4%) - 批处理时间: 6.29秒, 估计剩余时间: 48.4秒
🔄 [坐标转换] racket: 1 → 1 个检测结果，偏移量: (665, 55)
🔄 [坐标转换] racket: 1 → 1 个检测结果，偏移量: (665, 55)
🔄 [坐标转换] racket: 1 → 1 个检测结果，偏移量: (665, 55)
🔄 [坐标转换] racket: 1 → 1 个检测结果，偏移量: (665, 55)
🔄 [坐标转换] racket: 1 → 1 个检测结果，偏移量: (665, 55)
🔄 [坐标转换] racket: 1 → 1 个检测结果，偏移量: (665, 55)
🔄 [坐标转换] racket: 1 → 1 个检测结果，偏移量: (665, 55)
🔄 [坐标转换] racket: 1 → 1 个检测结果，偏移量: (665, 55)
🔄 [坐标转换] racket: 1 → 1 个检测结果，偏移量: (665, 55)
🔄 [坐标转换] racket: 1 → 1 个检测结果，偏移量: (665, 55)
🔄 [坐标转换] racket: 1 → 1 个检测结果，偏移量: (665, 55)
🎞️ 精彩瞬间短视频已保存: data/highlights/highlight_000070_hit.mp4
🔄 [坐标转换] racket: 1 → 1 个检测结果，偏移量: (665, 55)
🔄 [坐标转换] racket: 1 → 1 个检测结果，偏移量: (665, 55)
🔄 [坐标转换] racket: 1 → 1 个检测结果，偏移量: (665, 55)
🔄 [坐标转换] racket: 1 → 1 个检测结果，偏移量: (665, 55)
🎯 [帧90] ROI区域提取(含边距12px): (1230, 1528, 3) at offset (665, 55)
🤖 [帧90] 开始姿态检测（全帧模式），检测区域: (1440, 2560, 3)
🎾 [帧90] 开始球检测，检测区域: (1230, 1528, 3)
🏓 [帧90] 开始球拍检测，检测区域: (1230, 1528, 3)
🔄 [坐标转换] racket: 1 → 1 个检测结果，偏移量: (665, 55)
🔄 [坐标转换] racket: 1 → 1 个检测结果，偏移量: (665, 55)
🔄 [坐标转换] racket: 1 → 1 个检测结果，偏移量: (665, 55)
🔄 [坐标转换] racket: 1 → 1 个检测结果，偏移量: (665, 55)
🔄 [坐标转换] racket: 1 → 1 个检测结果，偏移量: (665, 55)
🔄 [坐标转换] racket: 1 → 1 个检测结果，偏移量: (665, 55)
🔄 [坐标转换] ball: 1 → 1 个检测结果，偏移量: (665, 55)
🔄 [坐标转换] racket: 1 → 1 个检测结果，偏移量: (665, 55)
⭐ 精彩瞬间-击球(最小距离): 计划保存短视频（前5后15），中心帧 73 (total=2)
🎞️ 精彩瞬间短视频已保存: data/highlights/highlight_000073_hit.mp4
🔄 [坐标转换] ball: 1 → 1 个检测结果，偏移量: (665, 55)
🔄 [坐标转换] racket: 1 → 1 个检测结果，偏移量: (665, 55)
🔄 [坐标转换] ball: 1 → 1 个检测结果，偏移量: (665, 55)
🔄 [坐标转换] racket: 1 → 1 个检测结果，偏移量: (665, 55)
🔄 [坐标转换] ball: 1 → 1 个检测结果，偏移量: (665, 55)
🔄 [坐标转换] racket: 1 → 1 个检测结果，偏移量: (665, 55)
处理帧 101/250 (40.4%) - 批处理时间: 6.83秒, 估计剩余时间: 41.3秒
🔄 [坐标转换] racket: 1 → 1 个检测结果，偏移量: (665, 55)
🔄 [坐标转换] racket: 1 → 1 个检测结果，偏移量: (665, 55)
🔄 [坐标转换] racket: 1 → 1 个检测结果，偏移量: (665, 55)
🔄 [坐标转换] racket: 1 → 1 个检测结果，偏移量: (665, 55)
🔄 [坐标转换] racket: 1 → 1 个检测结果，偏移量: (665, 55)
🔄 [坐标转换] ball: 1 → 1 个检测结果，偏移量: (665, 55)
🔄 [坐标转换] racket: 1 → 1 个检测结果，偏移量: (665, 55)
⭐ 精彩瞬间-击球(最小距离): 计划保存短视频（前5后15），中心帧 99 (total=3)
🔄 [坐标转换] ball: 1 → 1 个检测结果，偏移量: (665, 55)
🔄 [坐标转换] racket: 1 → 1 个检测结果，偏移量: (665, 55)
🔄 [坐标转换] ball: 1 → 1 个检测结果，偏移量: (665, 55)
🔄 [坐标转换] racket: 1 → 1 个检测结果，偏移量: (665, 55)
🔄 [坐标转换] ball: 1 → 1 个检测结果，偏移量: (665, 55)
🔄 [坐标转换] racket: 1 → 1 个检测结果，偏移量: (665, 55)
🔄 [坐标转换] ball: 1 → 1 个检测结果，偏移量: (665, 55)
🔄 [坐标转换] racket: 1 → 1 个检测结果，偏移量: (665, 55)
🔄 [坐标转换] ball: 1 → 1 个检测结果，偏移量: (665, 55)
🔄 [坐标转换] racket: 1 → 1 个检测结果，偏移量: (665, 55)
🔄 [坐标转换] ball: 1 → 1 个检测结果，偏移量: (665, 55)
🔄 [坐标转换] racket: 1 → 1 个检测结果，偏移量: (665, 55)
🔄 [坐标转换] ball: 1 → 1 个检测结果，偏移量: (665, 55)
🔄 [坐标转换] racket: 2 → 2 个检测结果，偏移量: (665, 55)
⭐ 精彩瞬间-击球(最小距离): 计划保存短视频（前5后15），中心帧 111 (total=4)
🔄 [坐标转换] ball: 1 → 1 个检测结果，偏移量: (665, 55)
🔄 [坐标转换] racket: 1 → 1 个检测结果，偏移量: (665, 55)
🔄 [坐标转换] ball: 1 → 1 个检测结果，偏移量: (665, 55)
🔄 [坐标转换] racket: 1 → 1 个检测结果，偏移量: (665, 55)
🎞️ 精彩瞬间短视频已保存: data/highlights/highlight_000099_hit.mp4
🔄 [坐标转换] ball: 1 → 1 个检测结果，偏移量: (665, 55)
🔄 [坐标转换] ball: 1 → 1 个检测结果，偏移量: (665, 55)
🔄 [坐标转换] ball: 2 → 2 个检测结果，偏移量: (665, 55)
🔄 [坐标转换] ball: 2 → 2 个检测结果，偏移量: (665, 55)
🔄 [坐标转换] ball: 1 → 1 个检测结果，偏移量: (665, 55)
🎯 [帧120] ROI区域提取(含边距12px): (1230, 1528, 3) at offset (665, 55)
🤖 [帧120] 开始姿态检测（全帧模式），检测区域: (1440, 2560, 3)
🎾 [帧120] 开始球检测，检测区域: (1230, 1528, 3)
🔄 [坐标转换] ball: 1 → 1 个检测结果，偏移量: (665, 55)
🏓 [帧120] 开始球拍检测，检测区域: (1230, 1528, 3)
🔄 [坐标转换] racket: 2 → 2 个检测结果，偏移量: (665, 55)
处理帧 126/250 (50.4%) - 批处理时间: 6.92秒, 估计剩余时间: 34.3秒
🎞️ 精彩瞬间短视频已保存: data/highlights/highlight_000111_hit.mp4
🔄 [坐标转换] racket: 1 → 1 个检测结果，偏移量: (665, 55)
🔄 [坐标转换] racket: 1 → 1 个检测结果，偏移量: (665, 55)
🔄 [坐标转换] racket: 1 → 1 个检测结果，偏移量: (665, 55)
🔄 [坐标转换] racket: 1 → 1 个检测结果，偏移量: (665, 55)
🔄 [坐标转换] racket: 1 → 1 个检测结果，偏移量: (665, 55)
🔄 [坐标转换] racket: 1 → 1 个检测结果，偏移量: (665, 55)
🔄 [坐标转换] racket: 1 → 1 个检测结果，偏移量: (665, 55)
🔄 [坐标转换] racket: 1 → 1 个检测结果，偏移量: (665, 55)
处理帧 151/250 (60.4%) - 批处理时间: 6.20秒, 估计剩余时间: 26.9秒
🎯 [帧150] ROI区域提取(含边距12px): (1230, 1528, 3) at offset (665, 55)
🤖 [帧150] 开始姿态检测（全帧模式），检测区域: (1440, 2560, 3)
🎾 [帧150] 开始球检测，检测区域: (1230, 1528, 3)
🏓 [帧150] 开始球拍检测，检测区域: (1230, 1528, 3)
🔄 [坐标转换] racket: 2 → 2 个检测结果，偏移量: (665, 55)
🔄 [坐标转换] racket: 2 → 2 个检测结果，偏移量: (665, 55)
🔄 [坐标转换] racket: 2 → 2 个检测结果，偏移量: (665, 55)
🔄 [坐标转换] racket: 2 → 2 个检测结果，偏移量: (665, 55)
🔄 [坐标转换] racket: 1 → 1 个检测结果，偏移量: (665, 55)
🔄 [坐标转换] racket: 2 → 2 个检测结果，偏移量: (665, 55)
🔄 [坐标转换] racket: 3 → 3 个检测结果，偏移量: (665, 55)
🔄 [坐标转换] racket: 2 → 2 个检测结果，偏移量: (665, 55)
🔄 [坐标转换] racket: 1 → 1 个检测结果，偏移量: (665, 55)
🔄 [坐标转换] racket: 1 → 1 个检测结果，偏移量: (665, 55)
🔄 [坐标转换] racket: 1 → 1 个检测结果，偏移量: (665, 55)
🔄 [坐标转换] racket: 1 → 1 个检测结果，偏移量: (665, 55)
🔄 [坐标转换] racket: 1 → 1 个检测结果，偏移量: (665, 55)
🔄 [坐标转换] racket: 1 → 1 个检测结果，偏移量: (665, 55)
🔄 [坐标转换] racket: 1 → 1 个检测结果，偏移量: (665, 55)
🔄 [坐标转换] racket: 1 → 1 个检测结果，偏移量: (665, 55)
🔄 [坐标转换] racket: 1 → 1 个检测结果，偏移量: (665, 55)
🔄 [坐标转换] racket: 1 → 1 个检测结果，偏移量: (665, 55)
🔄 [坐标转换] racket: 1 → 1 个检测结果，偏移量: (665, 55)
🔄 [坐标转换] racket: 1 → 1 个检测结果，偏移量: (665, 55)
🔄 [坐标转换] racket: 1 → 1 个检测结果，偏移量: (665, 55)
🔄 [坐标转换] racket: 1 → 1 个检测结果，偏移量: (665, 55)
🔄 [坐标转换] racket: 1 → 1 个检测结果，偏移量: (665, 55)
🔄 [坐标转换] racket: 1 → 1 个检测结果，偏移量: (665, 55)
🔄 [坐标转换] racket: 1 → 1 个检测结果，偏移量: (665, 55)
处理帧 176/250 (70.4%) - 批处理时间: 5.90秒, 估计剩余时间: 19.8秒
🔄 [坐标转换] racket: 1 → 1 个检测结果，偏移量: (665, 55)
🔄 [坐标转换] ball: 1 → 1 个检测结果，偏移量: (665, 55)
🔄 [坐标转换] racket: 1 → 1 个检测结果，偏移量: (665, 55)
🔄 [坐标转换] racket: 1 → 1 个检测结果，偏移量: (665, 55)
🔄 [坐标转换] ball: 1 → 1 个检测结果，偏移量: (665, 55)
🔄 [坐标转换] racket: 1 → 1 个检测结果，偏移量: (665, 55)
🔄 [坐标转换] racket: 1 → 1 个检测结果，偏移量: (665, 55)
🎯 [帧180] ROI区域提取(含边距12px): (1230, 1528, 3) at offset (665, 55)
🤖 [帧180] 开始姿态检测（全帧模式），检测区域: (1440, 2560, 3)
🎾 [帧180] 开始球检测，检测区域: (1230, 1528, 3)
🏓 [帧180] 开始球拍检测，检测区域: (1230, 1528, 3)
🔄 [坐标转换] racket: 1 → 1 个检测结果，偏移量: (665, 55)
🔄 [坐标转换] racket: 1 → 1 个检测结果，偏移量: (665, 55)
🔄 [坐标转换] racket: 1 → 1 个检测结果，偏移量: (665, 55)
🔄 [坐标转换] racket: 1 → 1 个检测结果，偏移量: (665, 55)
🔄 [坐标转换] racket: 1 → 1 个检测结果，偏移量: (665, 55)
🔄 [坐标转换] racket: 1 → 1 个检测结果，偏移量: (665, 55)
🔄 [坐标转换] racket: 1 → 1 个检测结果，偏移量: (665, 55)
🔄 [坐标转换] racket: 1 → 1 个检测结果，偏移量: (665, 55)
🔄 [坐标转换] racket: 1 → 1 个检测结果，偏移量: (665, 55)
🔄 [坐标转换] racket: 1 → 1 个检测结果，偏移量: (665, 55)
🔄 [坐标转换] racket: 1 → 1 个检测结果，偏移量: (665, 55)
🔄 [坐标转换] racket: 1 → 1 个检测结果，偏移量: (665, 55)
🔄 [坐标转换] racket: 1 → 1 个检测结果，偏移量: (665, 55)
🔄 [坐标转换] racket: 1 → 1 个检测结果，偏移量: (665, 55)
🔄 [坐标转换] racket: 1 → 1 个检测结果，偏移量: (665, 55)
🔄 [坐标转换] racket: 1 → 1 个检测结果，偏移量: (665, 55)
🔄 [坐标转换] racket: 1 → 1 个检测结果，偏移量: (665, 55)
🔄 [坐标转换] racket: 1 → 1 个检测结果，偏移量: (665, 55)
🔄 [坐标转换] racket: 1 → 1 个检测结果，偏移量: (665, 55)
🔄 [坐标转换] racket: 1 → 1 个检测结果，偏移量: (665, 55)
处理帧 201/250 (80.4%) - 批处理时间: 5.97秒, 估计剩余时间: 12.9秒
🔄 [坐标转换] ball: 1 → 1 个检测结果，偏移量: (665, 55)
🔄 [坐标转换] racket: 1 → 1 个检测结果，偏移量: (665, 55)
🔄 [坐标转换] ball: 1 → 1 个检测结果，偏移量: (665, 55)
🔄 [坐标转换] racket: 1 → 1 个检测结果，偏移量: (665, 55)
🔄 [坐标转换] ball: 2 → 2 个检测结果，偏移量: (665, 55)
🔄 [坐标转换] racket: 1 → 1 个检测结果，偏移量: (665, 55)
⭐ 精彩瞬间-击球(最小距离): 计划保存短视频（前5后15），中心帧 178 (total=5)
🎞️ 精彩瞬间短视频已保存: data/highlights/highlight_000178_hit.mp4
🔄 [坐标转换] ball: 2 → 2 个检测结果，偏移量: (665, 55)
🔄 [坐标转换] racket: 1 → 1 个检测结果，偏移量: (665, 55)
🔄 [坐标转换] ball: 2 → 2 个检测结果，偏移量: (665, 55)
🔄 [坐标转换] racket: 1 → 1 个检测结果，偏移量: (665, 55)
🔄 [坐标转换] ball: 1 → 1 个检测结果，偏移量: (665, 55)
🔄 [坐标转换] racket: 1 → 1 个检测结果，偏移量: (665, 55)
🔄 [坐标转换] ball: 2 → 2 个检测结果，偏移量: (665, 55)
🔄 [坐标转换] racket: 1 → 1 个检测结果，偏移量: (665, 55)
🔄 [坐标转换] ball: 2 → 2 个检测结果，偏移量: (665, 55)
🔄 [坐标转换] racket: 1 → 1 个检测结果，偏移量: (665, 55)
🔄 [坐标转换] ball: 2 → 2 个检测结果，偏移量: (665, 55)
🔄 [坐标转换] racket: 1 → 1 个检测结果，偏移量: (665, 55)
🔄 [坐标转换] ball: 2 → 2 个检测结果，偏移量: (665, 55)
🔄 [坐标转换] racket: 1 → 1 个检测结果，偏移量: (665, 55)
🎯 [帧210] ROI区域提取(含边距12px): (1230, 1528, 3) at offset (665, 55)
🤖 [帧210] 开始姿态检测（全帧模式），检测区域: (1440, 2560, 3)
🎾 [帧210] 开始球检测，检测区域: (1230, 1528, 3)
🔄 [坐标转换] ball: 2 → 2 个检测结果，偏移量: (665, 55)
🏓 [帧210] 开始球拍检测，检测区域: (1230, 1528, 3)
🔄 [坐标转换] racket: 1 → 1 个检测结果，偏移量: (665, 55)
🔄 [坐标转换] ball: 2 → 2 个检测结果，偏移量: (665, 55)
🔄 [坐标转换] ball: 2 → 2 个检测结果，偏移量: (665, 55)
🔄 [坐标转换] ball: 2 → 2 个检测结果，偏移量: (665, 55)
🔄 [坐标转换] ball: 1 → 1 个检测结果，偏移量: (665, 55)
🔄 [坐标转换] ball: 1 → 1 个检测结果，偏移量: (665, 55)
🔄 [坐标转换] ball: 2 → 2 个检测结果，偏移量: (665, 55)
🔄 [坐标转换] ball: 1 → 1 个检测结果，偏移量: (665, 55)
🔄 [坐标转换] racket: 1 → 1 个检测结果，偏移量: (665, 55)
🔄 [坐标转换] ball: 2 → 2 个检测结果，偏移量: (665, 55)
🔄 [坐标转换] ball: 1 → 1 个检测结果，偏移量: (665, 55)
🔄 [坐标转换] ball: 2 → 2 个检测结果，偏移量: (665, 55)
🔄 [坐标转换] ball: 1 → 1 个检测结果，偏移量: (665, 55)
🔄 [坐标转换] ball: 1 → 1 个检测结果，偏移量: (665, 55)
🔄 [坐标转换] ball: 1 → 1 个检测结果，偏移量: (665, 55)
🔄 [坐标转换] ball: 1 → 1 个检测结果，偏移量: (665, 55)
处理帧 226/250 (90.4%) - 批处理时间: 6.80秒, 估计剩余时间: 6.3秒
🔄 [坐标转换] ball: 1 → 1 个检测结果，偏移量: (665, 55)
🔄 [坐标转换] racket: 1 → 1 个检测结果，偏移量: (665, 55)
🎯 [帧240] ROI区域提取(含边距12px): (1230, 1528, 3) at offset (665, 55)
🤖 [帧240] 开始姿态检测（全帧模式），检测区域: (1440, 2560, 3)
🎾 [帧240] 开始球检测，检测区域: (1230, 1528, 3)
🏓 [帧240] 开始球拍检测，检测区域: (1230, 1528, 3)
🔄 [坐标转换] ball: 1 → 1 个检测结果，偏移量: (665, 55)
🔄 [坐标转换] racket: 1 → 1 个检测结果，偏移量: (665, 55)
🔄 [坐标转换] racket: 1 → 1 个检测结果，偏移量: (665, 55)
🔄 [坐标转换] racket: 1 → 1 个检测结果，偏移量: (665, 55)
🔄 [坐标转换] racket: 1 → 1 个检测结果，偏移量: (665, 55)
🔄 [坐标转换] racket: 1 → 1 个检测结果，偏移量: (665, 55)
🔄 [坐标转换] racket: 2 → 2 个检测结果，偏移量: (665, 55)
🔄 [坐标转换] racket: 2 → 2 个检测结果，偏移量: (665, 55)
🔄 [坐标转换] racket: 2 → 2 个检测结果，偏移量: (665, 55)
🔄 [坐标转换] racket: 1 → 1 个检测结果，偏移量: (665, 55)
视频处理完成!
处理完成! 共处理 250 帧
总处理时间: 66.24 秒
平均处理速度: 3.77 FPS
释放资源...
程序结束
