🎯 [ROI管理器] ROI多边形创建完成
🎯 [ROI管理器] ROI配置已从 configs/roi_config.yaml 加载: [(847, 67), (1943, 69), (2181, 1273), (677, 1249)]
警告: MTCNN模块未安装或依赖缺失
🚀 启动优化版本视频处理
==================================================
📊 性能设置:
   - 并行检测: True
   - 跳帧设置: 0
   - 工作线程: 4
   - 简化UI: True
📹 视频信息: 2560x1440, 25FPS, 250帧
🎯 初始化ROI管理器...
✅ ROI配置加载成功
🔧 初始化优化处理流水线...
🚀 优化模式启动 - 并行: True, 跳帧: 0, 工作线程: 4

🎾 === 球检测配置参数 ===
球半径范围: 18-45px
质量阈值: 0.45
圆度阈值: 0.6
边缘距离阈值: 12px
最小移动距离: 8px
静态球判定阈值: 6px
静态球帧数阈值: 10
边界检查: 已关闭
屏蔽区域: 已关闭
========================

使用HSV颜色分割和形状检测跟踪网球，已启用静止球过滤和尺寸过滤
🎬 开始优化视频处理...
📊 帧 1/250 (0.4%) - FPS: 1.2 - 检测: 763.4ms - 渲染: 8.0ms
📊 帧 31/250 (12.4%) - FPS: 9.7 - 检测: 81.7ms - 渲染: 5.5ms
📊 帧 61/250 (24.4%) - FPS: 10.8 - 检测: 72.1ms - 渲染: 5.8ms
📊 帧 91/250 (36.4%) - FPS: 10.9 - 检测: 71.3ms - 渲染: 5.7ms
📊 帧 121/250 (48.4%) - FPS: 11.2 - 检测: 69.8ms - 渲染: 5.5ms
📊 帧 151/250 (60.4%) - FPS: 11.3 - 检测: 68.9ms - 渲染: 5.6ms
📊 帧 181/250 (72.4%) - FPS: 11.1 - 检测: 70.3ms - 渲染: 5.7ms
📊 帧 211/250 (84.4%) - FPS: 11.2 - 检测: 69.6ms - 渲染: 5.6ms
📊 帧 241/250 (96.4%) - FPS: 11.4 - 检测: 68.5ms - 渲染: 5.6ms

🏁 优化处理完成!
📊 性能报告:
   - 处理帧数: 250
   - 总时间: 21.83秒
   - 平均FPS: 11.45
   - 平均检测时间: 67.9ms/帧
   - 平均渲染时间: 5.5ms/帧
💡 可以考虑启用更多并行优化
